result[0] = 1
result[1] = 4
result[2] = 9
result[3] = 16
